exports[`AppComponent renders a snapshot 1`] = `
<div
  className="container" />
`;
